\BOOKMARK [1][-]{section.1}{\376\377\116\373\122\241\060\001\127\372\121\306\116\016\147\054\145\207\166\204\122\044\133\232\150\007\121\306}{}% 1
\BOOKMARK [2][-]{subsection.1.1}{\376\377\211\201\126\336\173\124\166\204\225\356\230\230}{section.1}% 2
\BOOKMARK [2][-]{subsection.1.2}{\376\377\122\044\133\232\150\007\121\306}{section.1}% 3
\BOOKMARK [2][-]{subsection.1.3}{\376\377\213\272\145\207\127\372\121\306\166\204\174\276\170\156\123\343\137\204}{section.1}% 4
\BOOKMARK [1][-]{section.2}{\376\377\123\302\145\160\133\371\161\147\377\032\142\021\116\354\146\057\124\046\116\045\150\074\221\307\165\050\116\206\213\272\145\207\123\302\145\160}{}% 5
\BOOKMARK [2][-]{subsection.2.1}{\376\377\213\272\145\207\123\302\145\160}{section.2}% 6
\BOOKMARK [2][-]{subsection.2.2}{\376\377\220\020\230\171\133\371\161\147}{section.2}% 7
\BOOKMARK [2][-]{subsection.2.3}{\376\377\210\253\146\016\170\156\213\260\137\125\166\204\133\236\163\260\220\011\142\351}{section.2}% 8
\BOOKMARK [1][-]{section.3}{\376\377\131\015\163\260\176\323\147\234\116\000\377\032\0004\0003\0003\000\040\116\015\146\057\133\236\163\260\225\031\213\357}{}% 9
\BOOKMARK [2][-]{subsection.3.1}{\376\377\116\044\116\052\162\354\172\313\133\236\163\260\176\331\121\372\124\014\116\000\173\124\150\110}{section.3}% 10
\BOOKMARK [2][-]{subsection.3.2}{\376\377\154\102\211\343\126\150\201\352\216\253\166\204\232\214\145\066}{section.3}% 11
\BOOKMARK [2][-]{subsection.3.3}{\376\377\116\343\170\001\176\247\133\241\213\241\377\032\145\342\147\011\000\040\000M\000a\000t\000l\000a\000b\000\040\145\071\220\040\133\236\163\260}{section.3}% 12
\BOOKMARK [1][-]{section.4}{\376\377\131\015\163\260\176\323\147\234\116\214\377\032\220\000\117\021\153\265\145\077\173\126\121\375\145\160\210\253\174\276\170\156\131\015\163\260}{}% 13
\BOOKMARK [1][-]{section.5}{\376\377\131\015\163\260\176\323\147\234\116\011\377\032\135\345\117\134\136\164\153\265\121\372\163\260\174\373\176\337\140\047\120\117\171\273}{}% 14
\BOOKMARK [1][-]{section.6}{\376\377\150\071\126\340\213\306\122\053}{}% 15
\BOOKMARK [2][-]{subsection.6.1}{\376\377\210\253\213\306\122\053\121\372\147\145\166\204\220\243\116\000\230\171}{section.6}% 16
\BOOKMARK [2][-]{subsection.6.2}{\376\377\123\125\123\302\145\160\213\306\122\053}{section.6}% 17
\BOOKMARK [2][-]{subsection.6.3}{\376\377\0002\0002\000\040\122\006\211\343\377\032\170\156\213\244\145\342\147\011\176\323\213\272\136\166\176\331\121\372\147\072\122\066}{section.6}% 18
\BOOKMARK [2][-]{subsection.6.4}{\376\377\116\011\171\315\173\111\116\367\166\204\120\031\220\011\147\072\122\066}{section.6}% 19
\BOOKMARK [1][-]{section.7}{\376\377\155\210\207\215\140\073\210\150}{}% 20
\BOOKMARK [1][-]{section.8}{\376\377\210\150\000\040\0006\377\032\116\315\161\066\154\241\147\011\131\015\163\260\377\014\116\024\116\016\126\376\000\040\0002\377\017\126\376\000\040\0003\000\040\166\204\213\306\122\053\116\015\116\000\201\364}{}% 21
\BOOKMARK [1][-]{section.9}{\376\377\116\011\145\271\133\236\163\260\133\241\213\241}{}% 22
\BOOKMARK [2][-]{subsection.9.1}{\376\377\145\342\147\011\000\040\000M\000a\000t\000l\000a\000b\000\040\145\071\220\040\162\110}{section.9}% 23
\BOOKMARK [2][-]{subsection.9.2}{\376\377\123\206\123\362\000\040\000F\000o\000r\000t\000r\000a\000n\000\040\176\277}{section.9}% 24
\BOOKMARK [2][-]{subsection.9.3}{\376\377\000D\000e\000e\000p\000S\000e\000e\000k\000\040\000P\000y\000t\000h\000o\000n\000\040\176\277}{section.9}% 25
\BOOKMARK [2][-]{subsection.9.4}{\376\377\133\371\145\342\147\011\040\034\147\072\126\150\133\146\116\140\040\035\176\323\213\272\166\204\131\015\150\070}{section.9}% 26
\BOOKMARK [1][-]{section.10}{\376\377\176\323\213\272\116\016\136\372\213\256\210\150\217\360}{}% 27
\BOOKMARK [2][-]{subsection.10.1}{\376\377\147\054\145\207\123\357\116\345\116\013\176\323\213\272\166\204\220\350\122\006}{section.10}% 28
\BOOKMARK [2][-]{subsection.10.2}{\376\377\116\015\121\215\117\177\165\050\166\204\210\150\217\360}{section.10}% 29
\BOOKMARK [2][-]{subsection.10.3}{\376\377\136\372\213\256\176\331\200\001\136\010\166\204\210\150\217\360}{section.10}% 30
\BOOKMARK [2][-]{subsection.10.4}{\376\377\116\013\116\000\153\145\377\010\143\011\117\030\121\110\176\247\377\011}{section.10}% 31
\BOOKMARK [1][-]{appendix.A}{\376\377\000E\000G\000M\000\040\143\250\133\374\116\016\133\236\163\260\123\343\137\204}{}% 32
\BOOKMARK [1][-]{appendix.B}{\376\377\145\207\116\366\116\016\131\015\215\321\124\175\116\344}{}% 33
